// Jest Snapshot v1, https://goo.gl/fbAQLP

exports[`Chat/utils/validators chatOptions should return default chat options 1`] = `
Object {
  "connectionTimeout": 5000,
  "isKnown": false,
  "isVerified": false,
  "joinTimeout": 1000,
  "onAuthenticationFailure": [Function],
  "token": "oauth:TOKEN",
  "username": "USERNAME",
}
`;
